{
    "testCanUseSnapshotTesting-0": [
        "foo",
        "bar"
    ]
}